// Jest Snapshot v1, https://goo.gl/fbAQLP

exports[`debe cargar completo prueba componente < GifGrid category={ category } /> 1`] = `
<Fragment>
  <h3
    className="animate__animated animate__fadeIn"
  >
     
    Dragon
     
  </h3>
  <p
    className="animate__animated animate__flash"
  >
    Loading
  </p>
  <div
    className="card-grid"
  />
</Fragment>
`;
